[PoolHosts] pool_total=985, h100_total=555, h100_4=314, h100_8=241
[JobFilter:H100] kept=271588 / 549480 rows (EXEC_HOST subset of H100 pool hosts)
[ClusterLayout] total=500 nodes, 4GPU=270, 8GPU=230, unknown_hosts=0
[ClusterLayout] total_capacity=2920 GPUs
[TrainSet] rows=100000
[SnapshotReplay] enabled=True, busy_starts=23
Using device: cuda
Using cuda device
[VecEnv] DummyVecEnv (single process)
Using cuda device
Starting RL Training (Training set size: 100000)...
Logging to ./tensorboard_logs/MaskablePPO_19
-----------------------------
| time/              |      |
|    fps             | 50   |
|    iterations      | 1    |
|    time_elapsed    | 40   |
|    total_timesteps | 2048 |
-----------------------------
-----------------------------------------
| time/                   |             |
|    fps                  | 50          |
|    iterations           | 2           |
|    time_elapsed         | 81          |
|    total_timesteps      | 4096        |
| train/                  |             |
|    approx_kl            | 0.018616803 |
|    clip_fraction        | 0.316       |
|    clip_range           | 0.2         |
|    entropy_loss         | -1.06       |
|    explained_variance   | -0.00875    |
|    learning_rate        | 0.0003      |
|    loss                 | 11          |
|    n_updates            | 10          |
|    policy_gradient_loss | -0.0394     |
|    value_loss           | 41.1        |
-----------------------------------------
-----------------------------------------
| time/                   |             |
|    fps                  | 50          |
|    iterations           | 3           |
|    time_elapsed         | 121         |
|    total_timesteps      | 6144        |
| train/                  |             |
|    approx_kl            | 0.012217702 |
|    clip_fraction        | 0.144       |
|    clip_range           | 0.2         |
|    entropy_loss         | -0.865      |
|    explained_variance   | -5.85e-05   |
|    learning_rate        | 0.0003      |
|    loss                 | 43.2        |
|    n_updates            | 20          |
|    policy_gradient_loss | -0.0187     |
|    value_loss           | 109         |
-----------------------------------------
-----------------------------------------
| time/                   |             |
|    fps                  | 51          |
|    iterations           | 4           |
|    time_elapsed         | 159         |
|    total_timesteps      | 8192        |
| train/                  |             |
|    approx_kl            | 0.019348891 |
|    clip_fraction        | 0.112       |
|    clip_range           | 0.2         |
|    entropy_loss         | -0.758      |
|    explained_variance   | -1.19e-07   |
|    learning_rate        | 0.0003      |
|    loss                 | 46.6        |
|    n_updates            | 30          |
|    policy_gradient_loss | -0.016      |
|    value_loss           | 109         |
-----------------------------------------
------------------------------------------
| time/                   |              |
|    fps                  | 52           |
|    iterations           | 5            |
|    time_elapsed         | 194          |
|    total_timesteps      | 10240        |
| train/                  |              |
|    approx_kl            | 0.0071624396 |
|    clip_fraction        | 0.0455       |
|    clip_range           | 0.2          |
|    entropy_loss         | -0.402       |
|    explained_variance   | -8.34e-06    |
|    learning_rate        | 0.0003       |
|    loss                 | 44.1         |
|    n_updates            | 40           |
|    policy_gradient_loss | -0.00588     |
|    value_loss           | 104          |
------------------------------------------
------------------------------------------
| time/                   |              |
|    fps                  | 54           |
|    iterations           | 6            |
|    time_elapsed         | 226          |
|    total_timesteps      | 12288        |
| train/                  |              |
|    approx_kl            | 0.0026917718 |
|    clip_fraction        | 0.0272       |
|    clip_range           | 0.2          |
|    entropy_loss         | -0.411       |
|    explained_variance   | 2.98e-07     |
|    learning_rate        | 0.0003       |
|    loss                 | 44.1         |
|    n_updates            | 50           |
|    policy_gradient_loss | -0.00323     |
|    value_loss           | 103          |
------------------------------------------
------------------------------------------
| time/                   |              |
|    fps                  | 56           |
|    iterations           | 7            |
|    time_elapsed         | 252          |
|    total_timesteps      | 14336        |
| train/                  |              |
|    approx_kl            | 0.0032766073 |
|    clip_fraction        | 0.0145       |
|    clip_range           | 0.2          |
|    entropy_loss         | -0.369       |
|    explained_variance   | 5.01e-06     |
|    learning_rate        | 0.0003       |
|    loss                 | 41.3         |
|    n_updates            | 60           |
|    policy_gradient_loss | -0.0031      |
|    value_loss           | 97.2         |
------------------------------------------
-----------------------------------------
| time/                   |             |
|    fps                  | 59          |
|    iterations           | 8           |
|    time_elapsed         | 277         |
|    total_timesteps      | 16384       |
| train/                  |             |
|    approx_kl            | 0.006848943 |
|    clip_fraction        | 0.0629      |
|    clip_range           | 0.2         |
|    entropy_loss         | -0.365      |
|    explained_variance   | 1.45e-05    |
|    learning_rate        | 0.0003      |
|    loss                 | 38.5        |
|    n_updates            | 70          |
|    policy_gradient_loss | -0.00769    |
|    value_loss           | 91.5        |
-----------------------------------------
------------------------------------------
| time/                   |              |
|    fps                  | 60           |
|    iterations           | 9            |
|    time_elapsed         | 304          |
|    total_timesteps      | 18432        |
| train/                  |              |
|    approx_kl            | 0.0027225146 |
|    clip_fraction        | 0.0112       |
|    clip_range           | 0.2          |
|    entropy_loss         | -0.324       |
|    explained_variance   | 8.34e-07     |
|    learning_rate        | 0.0003       |
|    loss                 | 39.4         |
|    n_updates            | 80           |
|    policy_gradient_loss | -0.00196     |
|    value_loss           | 92.9         |
------------------------------------------
-----------------------------------------
| time/                   |             |
|    fps                  | 61          |
|    iterations           | 10          |
|    time_elapsed         | 331         |
|    total_timesteps      | 20480       |
| train/                  |             |
|    approx_kl            | 0.006776106 |
|    clip_fraction        | 0.0901      |
|    clip_range           | 0.2         |
|    entropy_loss         | -0.254      |
|    explained_variance   | 5.96e-07    |
|    learning_rate        | 0.0003      |
|    loss                 | 35.8        |
|    n_updates            | 90          |
|    policy_gradient_loss | -0.0052     |
|    value_loss           | 86.4        |
-----------------------------------------
Model saved as samsung_gpu_scheduler_maskableppo_20260302_1200